<p>On behalf of the team, Iâ€™m pleased to announce Spring Data service releases <code>2021.1.2</code>
            and <code>2020.0.9</code>.<br/>Both releases ship with mostly bug fixes and dependency
            upgrades.<br/>For your convenience, Spring Boot <code>2.6.4</code> respective <code>2.5.10</code>
            are going to pick up these releases in the upcoming days.</p>
            <p>Along with the service releases, we released the next milestone <code>2021.2.0-M3</code>
            of the <code>2021.2</code> release train. We have summarized the new and noteworthy changes in
            our <a
            href="https://github.com/spring-projects/spring-data-commons/wiki/Release-Train-2021.2-%28Raj%29-Release-Notes-%28Preview%29">release
            notes</a>.</p>
            <p>To round things off, here are the links to the individual modules, changelogs, and documentation:</p><h2><a
            href="#2021-2-0-m3" class="anchor" name="2021-2-0-m3"></a>2021.2.0-M3</h2>
            <ul>
            <li>Spring Data Commons 2.7 M3 - <a
            href="https://repo.spring.io/libs-milestone/org/springframework/data/spring-data-commons/2.7.0-M3">Artifacts</a>
            - <a href="https://docs.spring.io/spring-data/commons/docs/2.7.0-M3/api">Javadoc</a> - <a
            href="https://docs.spring.io/spring-data/commons/docs/2.7.0-M3/reference/html">Documentation</a> -
            <a href="https://github.com/spring-projects/spring-data-commons/releases/tag/2.7.0-M3">Changelog</a></li>
            <li>Spring Data JDBC 2.4 M3 - <a
            href="https://repo.spring.io/libs-milestone/org/springframework/data/spring-data-jdbc/2.4.0-M3">Artifacts</a>
            - <a href="https://docs.spring.io/spring-data/jdbc/docs/2.4.0-M3/api">Javadoc</a> - <a
            href="https://docs.spring.io/spring-data/jdbc/docs/2.4.0-M3/reference/html">Documentation</a> -
            <a href="https://github.com/spring-projects/spring-data-jdbc/releases/tag/2.4.0-M3">Changelog</a></li>
            <li>Spring Data JPA 2.7 M3 - <a
            href="https://repo.spring.io/libs-milestone/org/springframework/data/spring-data-jpa/2.7.0-M3">Artifacts</a>
            - <a href="https://docs.spring.io/spring-data/jpa/docs/2.7.0-M3/api">Javadoc</a> - <a
            href="https://docs.spring.io/spring-data/jpa/docs/2.7.0-M3/reference/html">Documentation</a> - <a
            href="https://github.com/spring-projects/spring-data-jpa/releases/tag/2.7.0-M3">Changelog</a></li>
            <li>Spring Data KeyValue 2.7 M3 - <a
            href="https://repo.spring.io/libs-milestone/org/springframework/data/spring-data-keyvalue/2.7.0-M3">Artifacts</a>
            - <a href="https://docs.spring.io/spring-data/keyvalue/docs/2.7.0-M3/api">Javadoc</a> - <a
            href="https://docs.spring.io/spring-data/keyvalue/docs/2.7.0-M3/reference/html">Documentation</a> -
            <a href="https://github.com/spring-projects/spring-data-keyvalue/releases/tag/2.7.0-M3">Changelog</a></li>
            <li>Spring Data for Apache Cassandra 3.4 M3 - <a
            href="https://repo.spring.io/libs-milestone/org/springframework/data/spring-data-cassandra/3.4.0-M3">Artifacts</a>
            - <a href="https://docs.spring.io/spring-data/cassandra/docs/3.4.0-M3/api">Javadoc</a> - <a
            href="https://docs.spring.io/spring-data/cassandra/docs/3.4.0-M3/reference/html">Documentation</a>
            - <a href="https://github.com/spring-projects/spring-data-cassandra/releases/tag/3.4.0-M3">Changelog</a></li>
            <li>Spring Data MongoDB 3.4 M3 - <a
            href="https://repo.spring.io/libs-milestone/org/springframework/data/spring-data-mongodb/3.4.0-M3">Artifacts</a>
            - <a href="https://docs.spring.io/spring-data/mongodb/docs/3.4.0-M3/api">Javadoc</a> - <a
            href="https://docs.spring.io/spring-data/mongodb/docs/3.4.0-M3/reference/html">Documentation</a> -
            <a href="https://github.com/spring-projects/spring-data-mongodb/releases/tag/3.4.0-M3">Changelog</a></li>
            <li>Spring Data Neo4j 6.3 M3 - <a
            href="https://repo.spring.io/libs-milestone/org/springframework/data/spring-data-neo4j/6.3.0-M3">Artifacts</a>
            - <a href="https://docs.spring.io/spring-data/neo4j/docs/6.3.0-M3/api">Javadoc</a> - <a
            href="https://docs.spring.io/spring-data/neo4j/docs/6.3.0-M3/reference/html">Documentation</a> -
            <a href="https://github.com/spring-projects/spring-data-neo4j/releases/tag/6.3.0-M3">Changelog</a></li>
            <li>Spring Data for Apache Geode 2.7 M3 - <a
            href="https://repo.spring.io/libs-milestone/org/springframework/data/spring-data-geode/2.7.0-M3">Artifacts</a>
            - <a href="https://docs.spring.io/spring-data/geode/docs/2.7.0-M3/api">Javadoc</a> - <a
            href="https://docs.spring.io/spring-data/geode/docs/2.7.0-M3/reference/html">Documentation</a> -
            <a href="https://github.com/spring-projects/spring-data-geode/releases/tag/2.7.0-M3">Changelog</a></li>
            <li>Spring Data R2DBC 1.5 M3 - <a
            href="https://repo.spring.io/libs-milestone/org/springframework/data/spring-data-r2dbc/1.5.0-M3">Artifacts</a>
            - <a href="https://docs.spring.io/spring-data/r2dbc/docs/1.5.0-M3/api">Javadoc</a> - <a
            href="https://docs.spring.io/spring-data/r2dbc/docs/1.5.0-M3/reference/html">Documentation</a> -
            <a href="https://github.com/spring-projects/spring-data-r2dbc/releases/tag/1.5.0-M3">Changelog</a></li>
            <li>Spring Data LDAP 2.7 M3 - <a
            href="https://repo.spring.io/libs-milestone/org/springframework/data/spring-data-ldap/2.7.0-M3">Artifacts</a>
            - <a href="https://docs.spring.io/spring-data/ldap/docs/2.7.0-M3/api">Javadoc</a> - <a
            href="https://docs.spring.io/spring-data/ldap/docs/2.7.0-M3/reference/html">Documentation</a> -
            <a href="https://github.com/spring-projects/spring-data-ldap/releases/tag/2.7.0-M3">Changelog</a></li>
            <li>Spring Data Envers 2.7 M3 - <a
            href="https://repo.spring.io/libs-milestone/org/springframework/data/spring-data-envers/2.7.0-M3">Artifacts</a>
            - <a href="https://docs.spring.io/spring-data/envers/docs/2.7.0-M3/api">Javadoc</a> - <a
            href="https://docs.spring.io/spring-data/envers/docs/2.7.0-M3/reference/html">Documentation</a> -
            <a href="https://github.com/spring-projects/spring-data-envers/releases/tag/2.7.0-M3">Changelog</a></li>
            <li>Spring Data REST 3.7 M3 - <a
            href="https://repo.spring.io/libs-milestone/org/springframework/data/spring-data-rest-webmvc/3.7.0-M3">Artifacts</a>
            - <a href="https://docs.spring.io/spring-data/rest/docs/3.7.0-M3/api">Javadoc</a> - <a
            href="https://docs.spring.io/spring-data/rest/docs/3.7.0-M3/reference/html">Documentation</a> -
            <a href="https://github.com/spring-projects/spring-data-rest/releases/tag/3.7.0-M3">Changelog</a></li>
            <li>Spring Data Redis 2.7 M3 - <a
            href="https://repo.spring.io/libs-milestone/org/springframework/data/spring-data-redis/2.7.0-M3">Artifacts</a>
            - <a href="https://docs.spring.io/spring-data/redis/docs/2.7.0-M3/api">Javadoc</a> - <a
            href="https://docs.spring.io/spring-data/redis/docs/2.7.0-M3/reference/html">Documentation</a> -
            <a href="https://github.com/spring-projects/spring-data-redis/releases/tag/2.7.0-M3">Changelog</a></li>
            <li>Spring Data Elasticsearch 4.4 M3 - <a
            href="https://repo.spring.io/libs-milestone/org/springframework/data/spring-data-elasticsearch/4.4.0-M3">Artifacts</a>
            - <a href="https://docs.spring.io/spring-data/elasticsearch/docs/4.4.0-M3/api">Javadoc</a> -
            <a href="https://docs.spring.io/spring-data/elasticsearch/docs/4.4.0-M3/reference/html">Documentation</a>
            - <a href="https://github.com/spring-projects/spring-data-elasticsearch/releases/tag/4.4.0-M3">Changelog</a></li>
            <li>Spring Data Couchbase 4.4 M3 - <a
            href="https://repo.spring.io/libs-milestone/org/springframework/data/spring-data-couchbase/4.4.0-M3">Artifacts</a>
            - <a href="https://docs.spring.io/spring-data/couchbase/docs/4.4.0-M3/api">Javadoc</a> - <a
            href="https://docs.spring.io/spring-data/couchbase/docs/4.4.0-M3/reference/html">Documentation</a>
            - <a href="https://github.com/spring-projects/spring-data-couchbase/releases/tag/4.4.0-M3">Changelog</a></li>
            </ul><h2><a href="#2021-1-2" class="anchor" name="2021-1-2"></a>2021.1.2</h2>
            <ul>
            <li>Spring Data Commons 2.6.2 - <a
            href="https://repo.spring.io/libs-release/org/springframework/data/spring-data-commons/2.6.2">Artifacts</a>
            - <a href="https://docs.spring.io/spring-data/commons/docs/2.6.2/api">Javadoc</a> - <a
            href="https://docs.spring.io/spring-data/commons/docs/2.6.2/reference/html">Documentation</a> -
            <a href="https://github.com/spring-projects/spring-data-commons/releases/tag/2.6.2">Changelog</a></li>
            <li>Spring Data JDBC 2.3.2 - <a
            href="https://repo.spring.io/libs-release/org/springframework/data/spring-data-jdbc/2.3.2">Artifacts</a>
            - <a href="https://docs.spring.io/spring-data/jdbc/docs/2.3.2/api">Javadoc</a> - <a
            href="https://docs.spring.io/spring-data/jdbc/docs/2.3.2/reference/html">Documentation</a> - <a
            href="https://github.com/spring-projects/spring-data-jdbc/releases/tag/2.3.2">Changelog</a></li>
            <li>Spring Data JPA 2.6.2 - <a
            href="https://repo.spring.io/libs-release/org/springframework/data/spring-data-jpa/2.6.2">Artifacts</a>
            - <a href="https://docs.spring.io/spring-data/jpa/docs/2.6.2/api">Javadoc</a> - <a
            href="https://docs.spring.io/spring-data/jpa/docs/2.6.2/reference/html">Documentation</a> - <a
            href="https://github.com/spring-projects/spring-data-jpa/releases/tag/2.6.2">Changelog</a></li>
            <li>Spring Data KeyValue 2.6.2 - <a
            href="https://repo.spring.io/libs-release/org/springframework/data/spring-data-keyvalue/2.6.2">Artifacts</a>
            - <a href="https://docs.spring.io/spring-data/keyvalue/docs/2.6.2/api">Javadoc</a> - <a
            href="https://docs.spring.io/spring-data/keyvalue/docs/2.6.2/reference/html">Documentation</a> -
            <a href="https://github.com/spring-projects/spring-data-keyvalue/releases/tag/2.6.2">Changelog</a></li>
            <li>Spring Data for Apache Cassandra 3.3.2 - <a
            href="https://repo.spring.io/libs-release/org/springframework/data/spring-data-cassandra/3.3.2">Artifacts</a>
            - <a href="https://docs.spring.io/spring-data/cassandra/docs/3.3.2/api">Javadoc</a> - <a
            href="https://docs.spring.io/spring-data/cassandra/docs/3.3.2/reference/html">Documentation</a> -
            <a href="https://github.com/spring-projects/spring-data-cassandra/releases/tag/3.3.2">Changelog</a></li>
            <li>Spring Data MongoDB 3.3.2 - <a
            href="https://repo.spring.io/libs-release/org/springframework/data/spring-data-mongodb/3.3.2">Artifacts</a>
            - <a href="https://docs.spring.io/spring-data/mongodb/docs/3.3.2/api">Javadoc</a> - <a
            href="https://docs.spring.io/spring-data/mongodb/docs/3.3.2/reference/html">Documentation</a> -
            <a href="https://github.com/spring-projects/spring-data-mongodb/releases/tag/3.3.2">Changelog</a></li>
            <li>Spring Data Neo4j 6.2.2 - <a
            href="https://repo.spring.io/libs-release/org/springframework/data/spring-data-neo4j/6.2.2">Artifacts</a>
            - <a href="https://docs.spring.io/spring-data/neo4j/docs/6.2.2/api">Javadoc</a> - <a
            href="https://docs.spring.io/spring-data/neo4j/docs/6.2.2/reference/html">Documentation</a> - <a
            href="https://github.com/spring-projects/spring-data-neo4j/releases/tag/6.2.2">Changelog</a></li>
            <li>Spring Data for Apache Geode 2.6.2 - <a
            href="https://repo.spring.io/libs-release/org/springframework/data/spring-data-geode/2.6.2">Artifacts</a>
            - <a href="https://docs.spring.io/spring-data/geode/docs/2.6.2/api">Javadoc</a> - <a
            href="https://docs.spring.io/spring-data/geode/docs/2.6.2/reference/html">Documentation</a> - <a
            href="https://github.com/spring-projects/spring-data-geode/releases/tag/2.6.2">Changelog</a></li>
            <li>Spring Data R2DBC 1.4.2 - <a
            href="https://repo.spring.io/libs-release/org/springframework/data/spring-data-r2dbc/1.4.2">Artifacts</a>
            - <a href="https://docs.spring.io/spring-data/r2dbc/docs/1.4.2/api">Javadoc</a> - <a
            href="https://docs.spring.io/spring-data/r2dbc/docs/1.4.2/reference/html">Documentation</a> - <a
            href="https://github.com/spring-projects/spring-data-r2dbc/releases/tag/1.4.2">Changelog</a></li>
            <li>Spring Data LDAP 2.6.2 - <a
            href="https://repo.spring.io/libs-release/org/springframework/data/spring-data-ldap/2.6.2">Artifacts</a>
            - <a href="https://docs.spring.io/spring-data/ldap/docs/2.6.2/api">Javadoc</a> - <a
            href="https://docs.spring.io/spring-data/ldap/docs/2.6.2/reference/html">Documentation</a> - <a
            href="https://github.com/spring-projects/spring-data-ldap/releases/tag/2.6.2">Changelog</a></li>
            <li>Spring Data Envers 2.6.2 - <a
            href="https://repo.spring.io/libs-release/org/springframework/data/spring-data-envers/2.6.2">Artifacts</a>
            - <a href="https://docs.spring.io/spring-data/envers/docs/2.6.2/api">Javadoc</a> - <a
            href="https://docs.spring.io/spring-data/envers/docs/2.6.2/reference/html">Documentation</a> - <a
            href="https://github.com/spring-projects/spring-data-envers/releases/tag/2.6.2">Changelog</a></li>
            <li>Spring Data REST 3.6.2 - <a
            href="https://repo.spring.io/libs-release/org/springframework/data/spring-data-rest-webmvc/3.6.2">Artifacts</a>
            - <a href="https://docs.spring.io/spring-data/rest/docs/3.6.2/api">Javadoc</a> - <a
            href="https://docs.spring.io/spring-data/rest/docs/3.6.2/reference/html">Documentation</a> - <a
            href="https://github.com/spring-projects/spring-data-rest/releases/tag/3.6.2">Changelog</a></li>
            <li>Spring Data Redis 2.6.2 - <a
            href="https://repo.spring.io/libs-release/org/springframework/data/spring-data-redis/2.6.2">Artifacts</a>
            - <a href="https://docs.spring.io/spring-data/redis/docs/2.6.2/api">Javadoc</a> - <a
            href="https://docs.spring.io/spring-data/redis/docs/2.6.2/reference/html">Documentation</a> - <a
            href="https://github.com/spring-projects/spring-data-redis/releases/tag/2.6.2">Changelog</a></li>
            <li>Spring Data Elasticsearch 4.3.2 - <a
            href="https://repo.spring.io/libs-release/org/springframework/data/spring-data-elasticsearch/4.3.2">Artifacts</a>
            - <a href="https://docs.spring.io/spring-data/elasticsearch/docs/4.3.2/api">Javadoc</a> - <a
            href="https://docs.spring.io/spring-data/elasticsearch/docs/4.3.2/reference/html">Documentation</a>
            - <a href="https://github.com/spring-projects/spring-data-elasticsearch/releases/tag/4.3.2">Changelog</a></li>
            <li>Spring Data Couchbase 4.3.2 - <a
            href="https://repo.spring.io/libs-release/org/springframework/data/spring-data-couchbase/4.3.2">Artifacts</a>
            - <a href="https://docs.spring.io/spring-data/couchbase/docs/4.3.2/api">Javadoc</a> - <a
            href="https://docs.spring.io/spring-data/couchbase/docs/4.3.2/reference/html">Documentation</a> -
            <a href="https://github.com/spring-projects/spring-data-couchbase/releases/tag/4.3.2">Changelog</a></li>
            </ul><h2><a href="#2021-0-9" class="anchor" name="2021-0-9"></a>2021.0.9</h2>
            <ul>
            <li>Spring Data Commons 2.5.9 - <a
            href="https://repo.spring.io/libs-release/org/springframework/data/spring-data-commons/2.5.9">Artifacts</a>
            - <a href="https://docs.spring.io/spring-data/commons/docs/2.5.9/api">Javadoc</a> - <a
            href="https://docs.spring.io/spring-data/commons/docs/2.5.9/reference/html">Documentation</a> -
            <a href="https://github.com/spring-projects/spring-data-commons/releases/tag/2.5.9">Changelog</a></li>
            <li>Spring Data JDBC 2.2.9 - <a
            href="https://repo.spring.io/libs-release/org/springframework/data/spring-data-jdbc/2.2.9">Artifacts</a>
            - <a href="https://docs.spring.io/spring-data/jdbc/docs/2.2.9/api">Javadoc</a> - <a
            href="https://docs.spring.io/spring-data/jdbc/docs/2.2.9/reference/html">Documentation</a> - <a
            href="https://github.com/spring-projects/spring-data-jdbc/releases/tag/2.2.9">Changelog</a></li>
            <li>Spring Data JPA 2.5.9 - <a
            href="https://repo.spring.io/libs-release/org/springframework/data/spring-data-jpa/2.5.9">Artifacts</a>
            - <a href="https://docs.spring.io/spring-data/jpa/docs/2.5.9/api">Javadoc</a> - <a
            href="https://docs.spring.io/spring-data/jpa/docs/2.5.9/reference/html">Documentation</a> - <a
            href="https://github.com/spring-projects/spring-data-jpa/releases/tag/2.5.9">Changelog</a></li>
            <li>Spring Data KeyValue 2.5.9 - <a
            href="https://repo.spring.io/libs-release/org/springframework/data/spring-data-keyvalue/2.5.9">Artifacts</a>
            - <a href="https://docs.spring.io/spring-data/keyvalue/docs/2.5.9/api">Javadoc</a> - <a
            href="https://docs.spring.io/spring-data/keyvalue/docs/2.5.9/reference/html">Documentation</a> -
            <a href="https://github.com/spring-projects/spring-data-keyvalue/releases/tag/2.5.9">Changelog</a></li>
            <li>Spring Data for Apache Cassandra 3.2.9 - <a
            href="https://repo.spring.io/libs-release/org/springframework/data/spring-data-cassandra/3.2.9">Artifacts</a>
            - <a href="https://docs.spring.io/spring-data/cassandra/docs/3.2.9/api">Javadoc</a> - <a
            href="https://docs.spring.io/spring-data/cassandra/docs/3.2.9/reference/html">Documentation</a> -
            <a href="https://github.com/spring-projects/spring-data-cassandra/releases/tag/3.2.9">Changelog</a></li>
            <li>Spring Data MongoDB 3.2.9 - <a
            href="https://repo.spring.io/libs-release/org/springframework/data/spring-data-mongodb/3.2.9">Artifacts</a>
            - <a href="https://docs.spring.io/spring-data/mongodb/docs/3.2.9/api">Javadoc</a> - <a
            href="https://docs.spring.io/spring-data/mongodb/docs/3.2.9/reference/html">Documentation</a> -
            <a href="https://github.com/spring-projects/spring-data-mongodb/releases/tag/3.2.9">Changelog</a></li>
            <li>Spring Data Neo4j 6.1.9 - <a
            href="https://repo.spring.io/libs-release/org/springframework/data/spring-data-neo4j/6.1.9">Artifacts</a>
            - <a href="https://docs.spring.io/spring-data/neo4j/docs/6.1.9/api">Javadoc</a> - <a
            href="https://docs.spring.io/spring-data/neo4j/docs/6.1.9/reference/html">Documentation</a> - <a
            href="https://github.com/spring-projects/spring-data-neo4j/releases/tag/6.1.9">Changelog</a></li>
            <li>Spring Data for Apache Geode 2.5.9 - <a
            href="https://repo.spring.io/libs-release/org/springframework/data/spring-data-geode/2.5.9">Artifacts</a>
            - <a href="https://docs.spring.io/spring-data/geode/docs/2.5.9/api">Javadoc</a> - <a
            href="https://docs.spring.io/spring-data/geode/docs/2.5.9/reference/html">Documentation</a> - <a
            href="https://github.com/spring-projects/spring-data-geode/releases/tag/2.5.9">Changelog</a></li>
            <li>Spring Data R2DBC 1.3.9 - <a
            href="https://repo.spring.io/libs-release/org/springframework/data/spring-data-r2dbc/1.3.9">Artifacts</a>
            - <a href="https://docs.spring.io/spring-data/r2dbc/docs/1.3.9/api">Javadoc</a> - <a
            href="https://docs.spring.io/spring-data/r2dbc/docs/1.3.9/reference/html">Documentation</a> - <a
            href="https://github.com/spring-projects/spring-data-r2dbc/releases/tag/1.3.9">Changelog</a></li>
            <li>Spring Data LDAP 2.5.9 - <a
            href="https://repo.spring.io/libs-release/org/springframework/data/spring-data-ldap/2.5.9">Artifacts</a>
            - <a href="https://docs.spring.io/spring-data/ldap/docs/2.5.9/api">Javadoc</a> - <a
            href="https://docs.spring.io/spring-data/ldap/docs/2.5.9/reference/html">Documentation</a> - <a
            href="https://github.com/spring-projects/spring-data-ldap/releases/tag/2.5.9">Changelog</a></li>
            <li>Spring Data Envers 2.5.9 - <a
            href="https://repo.spring.io/libs-release/org/springframework/data/spring-data-envers/2.5.9">Artifacts</a>
            - <a href="https://docs.spring.io/spring-data/envers/docs/2.5.9/api">Javadoc</a> - <a
            href="https://docs.spring.io/spring-data/envers/docs/2.5.9/reference/html">Documentation</a> - <a
            href="https://github.com/spring-projects/spring-data-envers/releases/tag/2.5.9">Changelog</a></li>
            <li>Spring Data REST 3.5.9 - <a
            href="https://repo.spring.io/libs-release/org/springframework/data/spring-data-rest-webmvc/3.5.9">Artifacts</a>
            - <a href="https://docs.spring.io/spring-data/rest/docs/3.5.9/api">Javadoc</a> - <a
            href="https://docs.spring.io/spring-data/rest/docs/3.5.9/reference/html">Documentation</a> - <a
            href="https://github.com/spring-projects/spring-data-rest/releases/tag/3.5.9">Changelog</a></li>
            <li>Spring Data Redis 2.5.9 - <a
            href="https://repo.spring.io/libs-release/org/springframework/data/spring-data-redis/2.5.9">Artifacts</a>
            - <a href="https://docs.spring.io/spring-data/redis/docs/2.5.9/api">Javadoc</a> - <a
            href="https://docs.spring.io/spring-data/redis/docs/2.5.9/reference/html">Documentation</a> - <a
            href="https://github.com/spring-projects/spring-data-redis/releases/tag/2.5.9">Changelog</a></li>
            <li>Spring Data Elasticsearch 4.2.9 - <a
            href="https://repo.spring.io/libs-release/org/springframework/data/spring-data-elasticsearch/4.2.9">Artifacts</a>
            - <a href="https://docs.spring.io/spring-data/elasticsearch/docs/4.2.9/api">Javadoc</a> - <a
            href="https://docs.spring.io/spring-data/elasticsearch/docs/4.2.9/reference/html">Documentation</a>
            - <a href="https://github.com/spring-projects/spring-data-elasticsearch/releases/tag/4.2.9">Changelog</a></li>
            <li>Spring Data Couchbase 4.2.9 - <a
            href="https://repo.spring.io/libs-release/org/springframework/data/spring-data-couchbase/4.2.9">Artifacts</a>
            - <a href="https://docs.spring.io/spring-data/couchbase/docs/4.2.9/api">Javadoc</a> - <a
            href="https://docs.spring.io/spring-data/couchbase/docs/4.2.9/reference/html">Documentation</a> -
            <a href="https://github.com/spring-projects/spring-data-couchbase/releases/tag/4.2.9">Changelog</a></li>
            </ul>
            <!-- rendered by Sagan Renderer Service -->
