On behalf of the team, Iâ€™m pleased to announce Spring Data service releases 2021.1.2 and 2020.0.9. Both releases ship with mostly bug fixes and dependency upgrades. For your convenience, Spring Boot 2.6.4 respective 2.5.10 are going to pick up these releases in the upcoming days. Along with the service releases, we released the next milestone 2021.2.0-M3 of the 2021.2 release train. We have summarized the new and noteworthy changes in our release notes. To round things off, here are the links to the individual modules, changelogs, and documentation: